../Core/Src/main.c:12:5:main	8	static
../Core/Src/main.c:30:6:SystemClock_Config	88	static
../Core/Src/main.c:73:13:MX_CAN2_Init	8	static
../Core/Src/main.c:95:13:MX_GPIO_Init	40	static
../Core/Src/main.c:126:6:CAN_TX	48	static
../Core/Src/main.c:145:6:filter_config	48	static
../Core/Src/main.c:161:6:HAL_CAN_TxMailbox0CompleteCallback	16	static
../Core/Src/main.c:165:6:HAL_CAN_TxMailbox1CompleteCallback	16	static
../Core/Src/main.c:169:6:HAL_CAN_TxMailbox2CompleteCallback	16	static
../Core/Src/main.c:173:6:HAL_GPIO_EXTI_Callback	16	static
../Core/Src/main.c:176:6:Error_Handler	4	static,ignoring_inline_asm
